<h3>Source</h3>
<h1>Header 1</h1>
<h2>Header 2</h2>
<h3>Header 3</h3>
<h4>Header 4</h4>
<h5>Header 5</h5>
<h6>Header 6</h6>
<pre><code class="python">&quot;&quot;&quot; Test &quot;&quot;&quot;
# Make Py2 &gt;&gt;&gt; Py3:
import os, sys; reload(sys); sys.setdefaultencoding('utf-8')
# no? see http://stackoverflow.com/a/29832646/4583360 ...

# code analysis for hilite:
try:
    from pygments import lex, token
    from pygments.lexers import get_lexer_by_name, guess_lexer
</code></pre>

<table>
<thead>
<tr>
<th>Tables</th>
<th>Fmt</th>
</tr>
</thead>
<tbody>
<tr>
<td>!!! hint: wrapped</td>
<td>0.1 <strong>strong</strong></td>
</tr>
</tbody>
</table>
<p>!!! note: title
    this is a Note</p>

[38;5;59m[0m[38;5;74m  Source[0m

[38;5;59m[0m[38;5;209mHeader 1[0m

[38;5;59m[0m[38;5;74m Header 2[0m

[38;5;59m[0m[38;5;74m  Header 3[0m

[38;5;59m[0m[38;5;167m   Header 4[0m

[38;5;59m[0m[38;5;32m    Header 5[0m

[38;5;59m[0m[38;5;32m     Header 6[0m
[38;5;188m  
  [38;5;59m| [0m [38;5;102m""" Test """
  [38;5;59m| [0m [38;5;102m# Make Py2 >>> Py3:
  [38;5;59m| [0m [38;5;102mimport os[38;5;32m,[0m sys; reload([38;5;209msys[0m); [38;5;209msys[0m[38;5;32m.[0m[38;5;209msetdefaultencoding[0m('utf-8')
  [38;5;59m| [0m [38;5;102m# no? see http://stackoverflow.com/a/29832646/4583360 ...
  [38;5;59m| [0m [38;5;102m
  [38;5;59m| [0m [38;5;102m# code analysis for hilite:
  [38;5;59m| [0m [38;5;102m[38;5;74mtry[0m:
  [38;5;59m| [0m [38;5;102m    from pygments import [38;5;209mlex[0m, [38;5;209mtoken[0m
  [38;5;59m| [0m [38;5;102m    from pygments.lexers import [38;5;209mget_lexer_by_name[0m, [38;5;209mguess_lexer[0m
[0m[0m
  [38;5;59mâ”€â”€â”€â”€â”€â”€â”€â”€â”€â”€â”€â”€â”€â”€â”€  â”€â”€â”€â”€â”€â”€â”€â”€â”€â”€[0m
  [38;5;188mTables[0m           [38;5;188mFmt[0m
  [38;5;188m[38;5;167mâ”ƒ Hint[0m: wrapped[0m  [38;5;188m0.1 [38;5;74mstrong[38;5;188m[0m
  [38;5;59mâ”€â”€â”€â”€â”€â”€â”€â”€â”€â”€â”€â”€â”€â”€â”€  â”€â”€â”€â”€â”€â”€â”€â”€â”€â”€[0m


[38;5;188m  [38;5;74mâ”ƒ Note[0m: title
  [38;5;74mâ”ƒ [0m    this is a Note[0m




