<h1>header 1</h1>
<h2>header 2</h2>
<h3>header 3</h3>
<h4>header 4</h4>
<ul>
<li pref="">List 1</li>
<li pref="">List 2</li>
</ul>
<p>fenced code</p>
<pre><code>class C1(object):
    pass
</code></pre>

<p>indent code</p>
<pre><code>class C1(object):
    pass
</code></pre>

[38;5;59m[0m[38;5;209mheader 1[0m

[38;5;59m[0m[38;5;74m header 2[0m

[38;5;59m[0m[38;5;74m  header 3[0m

[38;5;59m[0m[38;5;167m   header 4[0m
[38;5;188m    [38;5;209m- [0mList 1[0m
[38;5;188m    [38;5;209m- [0mList 2[0m
[38;5;188m  fenced code[0m
[38;5;188m  
  [38;5;59m| [0m [38;5;102m[38;5;74mclass[0m [38;5;209mC1[0m([38;5;209mobject[0m):
  [38;5;59m| [0m [38;5;102m    pass
[0m[0m
[38;5;188m  indent code[0m

  [38;5;59m| [0m [38;5;102m[38;5;74mclass[0m [38;5;209mC1[0m([38;5;209mobject[0m):
  [38;5;59m| [0m [38;5;102m    pass
[0m


