[38;5;188m  
  [38;5;59m| [0m [38;5;102m[38;5;74mclass[0m [38;5;209mC1[0m([38;5;209mobject[0m): pass
[0m[0m


