<blockquote>
<p>outer</p>
<blockquote>
<p>inner</p>
</blockquote>
<p>long lnog long outer <em>em</em> <a href="http://foo">link</a> end</p>
<blockquote>
<p>inner <em>em</em> <a href="http://foo">link</a> end</p>
</blockquote>
</blockquote>
[38;5;209m|[0m[38;5;188m   outer[0m
[38;5;209m|[0m[38;5;209m|[0m[38;5;188m  inner[0m
[38;5;209m|[0m[38;5;188m   long lnog long outer [38;5;74mem[38;5;188m [38;5;74m[4mlink[24m[38;5;188mâ‘   end[0m
[38;5;209m|[0m[38;5;59m   [1] http://foo[0m
[38;5;209m|[0m[38;5;209m|[0m[38;5;188m  inner [38;5;74mem[38;5;188m [38;5;74m[4mlink[24m[38;5;188mâ‘   end[0m
[38;5;209m|[0m[38;5;209m|[0m[38;5;59m  [1] http://foo[0m


