<h1>Lists</h1>
<ul>
<li pref="">l1<ul>
<li pref="">l2</li>
<li pref="">l3<ul>
<li pref="">l4</li>
</ul>
</li>
<li pref="">l5</li>
</ul>
</li>
<li pref="">l2</li>
</ul>
<blockquote>
<p>with sep2</p>
</blockquote>
<ul>
<li pref="">l1<ul>
<li pref="">l2</li>
<li pref="">l3<ul>
<li pref="">l4</li>
</ul>
</li>
<li pref="">l5</li>
</ul>
</li>
<li pref="">l2</li>
</ul>

[38;5;59m[0m[38;5;209mLists[0m
[38;5;188m    [38;5;209m- [0ml1
[38;5;188m        [38;5;74m- [0ml2[0m
[38;5;188m        [38;5;74m- [0ml3
[38;5;188m            [38;5;32m- [0ml4[0m
[38;5;188m        [38;5;74m- [0ml5[0m
[38;5;188m    [38;5;209m- [0ml2[0m
[38;5;209m|[0m[38;5;188m   with sep2[0m
[38;5;188m    [38;5;209m- [0ml1
[38;5;188m        [38;5;74m- [0ml2[0m
[38;5;188m        [38;5;74m- [0ml3
[38;5;188m            [38;5;32m- [0ml4[0m
[38;5;188m        [38;5;74m- [0ml5[0m
[38;5;188m    [38;5;209m- [0ml2[0m


